// Vitest Snapshot v1, https://vitest.dev/guide/snapshot.html

exports[`ExerciseDurationTimer > matches snapshot 1`] = `"<div class="_timer_1214e9" data-active="false" data-test="exercise-duration">00:00</div>"`;
