// Vitest Snapshot v1, https://vitest.dev/guide/snapshot.html

exports[`ExerciseCreatePage > matches snapshot 1`] = `
"<div>
  <exercise-form-stub isedit="false" isdisableredirect="false" isfixed="true" data-test="exercise-form"></exercise-form-stub>
</div>"
`;
