// Vitest Snapshot v1, https://vitest.dev/guide/snapshot.html

exports[`UserFormTab > matches snapshot 1`] = `
"<div column="" gap="16">
  <h3 data-test="user-form-tab-title">заголовок</h3>
  <p data-test="user-form-tab-description">описание</p>
</div>"
`;
