// Vitest Snapshot v1, https://vitest.dev/guide/snapshot.html

exports[`UserFormTemplateElement > matches snapshot 1`] = `"<div isedit="" isdelete="" data-test="user-form-template"><span data-test="user-form-template-title">Заголовок шаблона</span></div>"`;
