// Vitest Snapshot v1, https://vitest.dev/guide/snapshot.html

exports[`EquipmentEditPage > matches snapshot 1`] = `
"<div>
  <equipment-form-stub equipment="[object Object]" isedit="true" data-test="equipment-form"></equipment-form-stub>
</div>"
`;
